../Core/Src/main.c:93:5:main	80	static
../Core/Src/main.c:198:6:SystemClock_Config	88	static
../Core/Src/main.c:245:13:MX_ETH_Init	8	static
../Core/Src/main.c:294:13:MX_RTC_Init	32	static
../Core/Src/main.c:357:13:MX_USART3_UART_Init	8	static
../Core/Src/main.c:390:13:MX_USART6_UART_Init	8	static
../Core/Src/main.c:423:13:MX_USB_OTG_FS_PCD_Init	8	static
../Core/Src/main.c:458:13:MX_GPIO_Init	56	static
../Core/Src/main.c:512:13:setRTCTime	40	static
../Core/Src/main.c:532:6:HAL_UART_TxCpltCallback	16	static
../Core/Src/main.c:543:6:Error_Handler	4	static,ignoring_inline_asm
